packet,packet_index,gps_fix,date,lat,lon,dop,alt,speed,accel,dist,time,azi,odo,grad,accl_x,accl_y,accl_z
0,0,LOCK_3D,2021-09-17 08:40:46.945000+00:00,51.4046186,-0.2357848,3.92,29.682,10.281,,0.5927929036723769,2.967751,18.596156617094564,,-0.05623099252171647,-4.398081534772182,-0.815347721822542,-8.151079136690647
1,1,LOCK_3D,2021-09-17 08:40:47.987207+00:00,51.4047187,-0.2357345,3.92,29.679,10.757,,0.5938145694239807,2.972793,19.312219178489354,,0.1528098928740799,0.7268029862922758,-2.3640508611820694,-9.44219857957451
2,2,LOCK_3D,2021-09-17 08:40:49.041206+00:00,51.4048161,-0.2356801,3.92,29.662,10.767,,,,,,,0.2992566134034671,6.8189931514185105,-2.9800515741998126
3,3,LOCK_3D,2021-09-17 08:40:50.080114+00:00,51.4049108,-0.2356266,3.92,29.678,10.894,0.18402359347265554,,,,,,0.10165031954438608,-0.7609052019695086,-9.03678213530081
4,3,LOCK_3D,2021-09-17 08:40:51.124307+00:00,51.405006,-0.2355751,3.92,29.711,11.411,0.19896130789715344,,,,,,-1.8312479367621337,0.697907028260172,-9.43127485595836
